c:\users\shinwon\se_hw2-2\hongik_se_hw2\implementation\se_hw2_2\se_hw2_2\x64\debug\vc143.pdb
c:\users\shinwon\se_hw2-2\hongik_se_hw2\implementation\se_hw2_2\se_hw2_2\x64\debug\vc143.idb
c:\users\shinwon\se_hw2-2\hongik_se_hw2\implementation\se_hw2_2\se_hw2_2\x64\debug\signup.obj
c:\users\shinwon\se_hw2-2\hongik_se_hw2\implementation\se_hw2_2\se_hw2_2\x64\debug\signoutui.obj
c:\users\shinwon\se_hw2-2\hongik_se_hw2\implementation\se_hw2_2\se_hw2_2\x64\debug\signout.obj
c:\users\shinwon\se_hw2-2\hongik_se_hw2\implementation\se_hw2_2\se_hw2_2\x64\debug\signinui.obj
c:\users\shinwon\se_hw2-2\hongik_se_hw2\implementation\se_hw2_2\se_hw2_2\x64\debug\signin.obj
c:\users\shinwon\se_hw2-2\hongik_se_hw2\implementation\se_hw2_2\se_hw2_2\x64\debug\rentbicycleui.obj
c:\users\shinwon\se_hw2-2\hongik_se_hw2\implementation\se_hw2_2\se_hw2_2\x64\debug\rentbicycle.obj
c:\users\shinwon\se_hw2-2\hongik_se_hw2\implementation\se_hw2_2\se_hw2_2\x64\debug\rentalbicyclelistui.obj
c:\users\shinwon\se_hw2-2\hongik_se_hw2\implementation\se_hw2_2\se_hw2_2\x64\debug\rentalbicyclelist.obj
c:\users\shinwon\se_hw2-2\hongik_se_hw2\implementation\se_hw2_2\se_hw2_2\x64\debug\memberlist.obj
c:\users\shinwon\se_hw2-2\hongik_se_hw2\implementation\se_hw2_2\se_hw2_2\x64\debug\member.obj
c:\users\shinwon\se_hw2-2\hongik_se_hw2\implementation\se_hw2_2\se_hw2_2\x64\debug\main.obj
c:\users\shinwon\se_hw2-2\hongik_se_hw2\implementation\se_hw2_2\se_hw2_2\x64\debug\exitui.obj
c:\users\shinwon\se_hw2-2\hongik_se_hw2\implementation\se_hw2_2\se_hw2_2\x64\debug\exit.obj
c:\users\shinwon\se_hw2-2\hongik_se_hw2\implementation\se_hw2_2\se_hw2_2\x64\debug\bicyclelist.obj
c:\users\shinwon\se_hw2-2\hongik_se_hw2\implementation\se_hw2_2\se_hw2_2\x64\debug\bicyclecollection.obj
c:\users\shinwon\se_hw2-2\hongik_se_hw2\implementation\se_hw2_2\se_hw2_2\x64\debug\bicycle.obj
c:\users\shinwon\se_hw2-2\hongik_se_hw2\implementation\se_hw2_2\se_hw2_2\x64\debug\admin.obj
c:\users\shinwon\se_hw2-2\hongik_se_hw2\implementation\se_hw2_2\se_hw2_2\x64\debug\addbicycleui.obj
c:\users\shinwon\se_hw2-2\hongik_se_hw2\implementation\se_hw2_2\se_hw2_2\x64\debug\addbicycle.obj
c:\users\shinwon\se_hw2-2\hongik_se_hw2\implementation\se_hw2_2\se_hw2_2\x64\debug\user.obj
c:\users\shinwon\se_hw2-2\hongik_se_hw2\implementation\se_hw2_2\se_hw2_2\x64\debug\signupui.obj
c:\users\shinwon\se_hw2-2\hongik_se_hw2\implementation\se_hw2_2\x64\debug\se_hw2_2.exe
c:\users\shinwon\se_hw2-2\hongik_se_hw2\implementation\se_hw2_2\x64\debug\se_hw2_2.pdb
c:\users\shinwon\se_hw2-2\hongik_se_hw2\implementation\se_hw2_2\se_hw2_2\x64\debug\se_hw2_2.ilk
c:\users\shinwon\se_hw2-2\hongik_se_hw2\implementation\se_hw2_2\se_hw2_2\x64\debug\se_hw2_2.tlog\cl.command.1.tlog
c:\users\shinwon\se_hw2-2\hongik_se_hw2\implementation\se_hw2_2\se_hw2_2\x64\debug\se_hw2_2.tlog\cl.items.tlog
c:\users\shinwon\se_hw2-2\hongik_se_hw2\implementation\se_hw2_2\se_hw2_2\x64\debug\se_hw2_2.tlog\cl.read.1.tlog
c:\users\shinwon\se_hw2-2\hongik_se_hw2\implementation\se_hw2_2\se_hw2_2\x64\debug\se_hw2_2.tlog\cl.write.1.tlog
c:\users\shinwon\se_hw2-2\hongik_se_hw2\implementation\se_hw2_2\se_hw2_2\x64\debug\se_hw2_2.tlog\link.command.1.tlog
c:\users\shinwon\se_hw2-2\hongik_se_hw2\implementation\se_hw2_2\se_hw2_2\x64\debug\se_hw2_2.tlog\link.read.1.tlog
c:\users\shinwon\se_hw2-2\hongik_se_hw2\implementation\se_hw2_2\se_hw2_2\x64\debug\se_hw2_2.tlog\link.secondary.1.tlog
c:\users\shinwon\se_hw2-2\hongik_se_hw2\implementation\se_hw2_2\se_hw2_2\x64\debug\se_hw2_2.tlog\link.write.1.tlog
